#-----------------------------------------------------------
# Vivado v2019.1 (64-bit)
# SW Build 2552052 on Fri May 24 14:49:42 MDT 2019
# IP Build 2548770 on Fri May 24 18:01:18 MDT 2019
# Start of session at: Mon Jun 14 19:05:01 2021
# Process ID: 10688
# Current directory: D:/Documents/Vivado/Processor/MIPS Segmentado
# Command line: vivado.exe -gui_launcher_event rodinguilauncherevent10040 D:\Documents\Vivado\Processor\MIPS Segmentado\MIPS Segmentado.xpr
# Log file: D:/Documents/Vivado/Processor/MIPS Segmentado/vivado.log
# Journal file: D:/Documents/Vivado/Processor/MIPS Segmentado\vivado.jou
#-----------------------------------------------------------
start_gui
open_project {D:/Documents/Vivado/Processor/MIPS Segmentado/MIPS Segmentado.xpr}
update_compile_order -fileset sources_1
launch_simulation
source processor_tb.tcl
run 100 ns
run 100 ns
run 100 ns
run 100 ns
run 100 ns
run 1000 ns
run 1000 ns
run 1000 ns
run 1000 ns
run 1000 ns
run 1000 ns
run 1000 ns
restart
run all
close_sim
launch_simulation
source processor_tb.tcl
run 100 ns
run 100 ns
close_sim
launch_simulation
source processor_tb.tcl
run 100 ns
run 100 ns
close_sim
launch_simulation
source processor_tb.tcl
run all
close_sim
launch_simulation
source processor_tb.tcl
run 100 ns
run 100 ns
close_sim
launch_simulation
source processor_tb.tcl
close_sim
launch_simulation
source processor_tb.tcl
run 100 ns
run 100 ns
close_sim
launch_simulation
